com\app\calingaertextend\maquinavirtual\Instrucoes.class
com\app\calingaertextend\montador\TabelaDeSimbolos.class
com\app\calingaertextend\processadordemacros\ListaAsm.class
com\app\calingaertextend\Main.class
com\app\calingaertextend\processadordemacros\Leitor.class
com\app\calingaertextend\montador\TabelaInstrucao.class
com\app\calingaertextend\LeitorObjeto$ModuloObjeto.class
com\app\calingaertextend\maquinavirtual\Registradores.class
module-info.class
com\app\calingaertextend\maquinavirtual\Pilha.class
com\app\calingaertextend\UI\LinhaRegistrador.class
com\app\calingaertextend\montador\VerificarLabel.class
com\app\calingaertextend\LeitorObjeto.class
com\app\calingaertextend\LigadorSegundaPassagem.class
com\app\calingaertextend\montador\PrimeiraPassagem.class
com\app\calingaertextend\maquinavirtual\ModosEnderecamento.class
com\app\calingaertextend\montador\SegundaPassagem.class
com\app\calingaertextend\processadordemacros\EscritorDeArquivo.class
com\app\calingaertextend\montador\ler_arquivo_montador.class
com\app\calingaertextend\ViewController.class
com\app\calingaertextend\montador\LerLinhaMontador.class
com\app\calingaertextend\UI\LinhaMemoria.class
com\app\calingaertextend\UI\LinhaSimbolo.class
com\app\calingaertextend\processadordemacros\TabelaDeMacros.class
com\app\calingaertextend\processadordemacros\Macro.class
com\app\calingaertextend\processadordemacros\ExpansorDeMacros.class
com\app\calingaertextend\processadordemacros\TabelaDeMacros$MacroBuilder.class
com\app\calingaertextend\maquinavirtual\Memoria.class
com\app\calingaertextend\maquinavirtual\Executor.class
com\app\calingaertextend\montador\Simbolos.class
com\app\calingaertextend\montador\PseudoInstrucao.class
com\app\calingaertextend\LigadorPrimeiraPassagem.class
com\app\calingaertextend\maquinavirtual\AcessoIndevidoAMemoriaCheckedException.class
com\app\calingaertextend\montador\Instrucoes.class
