D:\arquivos\ufpel\programacao_de_sistemas\trabalho_PS_grupo1\projetoPS-main\projetoPS-main\Calingaert-Extend\src\main\java\com\app\calingaertextend\Launcher.java
D:\arquivos\ufpel\programacao_de_sistemas\trabalho_PS_grupo1\projetoPS-main\projetoPS-main\Calingaert-Extend\src\main\java\com\app\calingaertextend\LeitorObjeto.java
D:\arquivos\ufpel\programacao_de_sistemas\trabalho_PS_grupo1\projetoPS-main\projetoPS-main\Calingaert-Extend\src\main\java\com\app\calingaertextend\LigadorPrimeiraPassagem.java
D:\arquivos\ufpel\programacao_de_sistemas\trabalho_PS_grupo1\projetoPS-main\projetoPS-main\Calingaert-Extend\src\main\java\com\app\calingaertextend\LigadorSegundaPassagem.java
D:\arquivos\ufpel\programacao_de_sistemas\trabalho_PS_grupo1\projetoPS-main\projetoPS-main\Calingaert-Extend\src\main\java\com\app\calingaertextend\Main.java
D:\arquivos\ufpel\programacao_de_sistemas\trabalho_PS_grupo1\projetoPS-main\projetoPS-main\Calingaert-Extend\src\main\java\com\app\calingaertextend\maquinavirtual\AcessoIndevidoAMemoriaCheckedException.java
D:\arquivos\ufpel\programacao_de_sistemas\trabalho_PS_grupo1\projetoPS-main\projetoPS-main\Calingaert-Extend\src\main\java\com\app\calingaertextend\maquinavirtual\Executor.java
D:\arquivos\ufpel\programacao_de_sistemas\trabalho_PS_grupo1\projetoPS-main\projetoPS-main\Calingaert-Extend\src\main\java\com\app\calingaertextend\maquinavirtual\Instrucoes.java
D:\arquivos\ufpel\programacao_de_sistemas\trabalho_PS_grupo1\projetoPS-main\projetoPS-main\Calingaert-Extend\src\main\java\com\app\calingaertextend\maquinavirtual\Memoria.java
D:\arquivos\ufpel\programacao_de_sistemas\trabalho_PS_grupo1\projetoPS-main\projetoPS-main\Calingaert-Extend\src\main\java\com\app\calingaertextend\maquinavirtual\ModosEnderecamento.java
D:\arquivos\ufpel\programacao_de_sistemas\trabalho_PS_grupo1\projetoPS-main\projetoPS-main\Calingaert-Extend\src\main\java\com\app\calingaertextend\maquinavirtual\Pilha.java
D:\arquivos\ufpel\programacao_de_sistemas\trabalho_PS_grupo1\projetoPS-main\projetoPS-main\Calingaert-Extend\src\main\java\com\app\calingaertextend\maquinavirtual\Registradores.java
D:\arquivos\ufpel\programacao_de_sistemas\trabalho_PS_grupo1\projetoPS-main\projetoPS-main\Calingaert-Extend\src\main\java\com\app\calingaertextend\montador\Instrucoes.java
D:\arquivos\ufpel\programacao_de_sistemas\trabalho_PS_grupo1\projetoPS-main\projetoPS-main\Calingaert-Extend\src\main\java\com\app\calingaertextend\montador\ler_arquivo_montador.java
D:\arquivos\ufpel\programacao_de_sistemas\trabalho_PS_grupo1\projetoPS-main\projetoPS-main\Calingaert-Extend\src\main\java\com\app\calingaertextend\montador\LerLinhaMontador.java
D:\arquivos\ufpel\programacao_de_sistemas\trabalho_PS_grupo1\projetoPS-main\projetoPS-main\Calingaert-Extend\src\main\java\com\app\calingaertextend\montador\PrimeiraPassagem.java
D:\arquivos\ufpel\programacao_de_sistemas\trabalho_PS_grupo1\projetoPS-main\projetoPS-main\Calingaert-Extend\src\main\java\com\app\calingaertextend\montador\PseudoInstrucao.java
D:\arquivos\ufpel\programacao_de_sistemas\trabalho_PS_grupo1\projetoPS-main\projetoPS-main\Calingaert-Extend\src\main\java\com\app\calingaertextend\montador\SegundaPassagem.java
D:\arquivos\ufpel\programacao_de_sistemas\trabalho_PS_grupo1\projetoPS-main\projetoPS-main\Calingaert-Extend\src\main\java\com\app\calingaertextend\montador\Simbolos.java
D:\arquivos\ufpel\programacao_de_sistemas\trabalho_PS_grupo1\projetoPS-main\projetoPS-main\Calingaert-Extend\src\main\java\com\app\calingaertextend\montador\TabelaDeSimbolos.java
D:\arquivos\ufpel\programacao_de_sistemas\trabalho_PS_grupo1\projetoPS-main\projetoPS-main\Calingaert-Extend\src\main\java\com\app\calingaertextend\montador\TabelaInstrucao.java
D:\arquivos\ufpel\programacao_de_sistemas\trabalho_PS_grupo1\projetoPS-main\projetoPS-main\Calingaert-Extend\src\main\java\com\app\calingaertextend\montador\VerificarLabel.java
D:\arquivos\ufpel\programacao_de_sistemas\trabalho_PS_grupo1\projetoPS-main\projetoPS-main\Calingaert-Extend\src\main\java\com\app\calingaertextend\processadordemacros\EscritorDeArquivo.java
D:\arquivos\ufpel\programacao_de_sistemas\trabalho_PS_grupo1\projetoPS-main\projetoPS-main\Calingaert-Extend\src\main\java\com\app\calingaertextend\processadordemacros\ExpansorDeMacros.java
D:\arquivos\ufpel\programacao_de_sistemas\trabalho_PS_grupo1\projetoPS-main\projetoPS-main\Calingaert-Extend\src\main\java\com\app\calingaertextend\processadordemacros\Leitor.java
D:\arquivos\ufpel\programacao_de_sistemas\trabalho_PS_grupo1\projetoPS-main\projetoPS-main\Calingaert-Extend\src\main\java\com\app\calingaertextend\processadordemacros\ListaAsm.java
D:\arquivos\ufpel\programacao_de_sistemas\trabalho_PS_grupo1\projetoPS-main\projetoPS-main\Calingaert-Extend\src\main\java\com\app\calingaertextend\processadordemacros\Macro.java
D:\arquivos\ufpel\programacao_de_sistemas\trabalho_PS_grupo1\projetoPS-main\projetoPS-main\Calingaert-Extend\src\main\java\com\app\calingaertextend\processadordemacros\TabelaDeMacros.java
D:\arquivos\ufpel\programacao_de_sistemas\trabalho_PS_grupo1\projetoPS-main\projetoPS-main\Calingaert-Extend\src\main\java\com\app\calingaertextend\UI\LinhaMemoria.java
D:\arquivos\ufpel\programacao_de_sistemas\trabalho_PS_grupo1\projetoPS-main\projetoPS-main\Calingaert-Extend\src\main\java\com\app\calingaertextend\UI\LinhaRegistrador.java
D:\arquivos\ufpel\programacao_de_sistemas\trabalho_PS_grupo1\projetoPS-main\projetoPS-main\Calingaert-Extend\src\main\java\com\app\calingaertextend\UI\LinhaSimbolo.java
D:\arquivos\ufpel\programacao_de_sistemas\trabalho_PS_grupo1\projetoPS-main\projetoPS-main\Calingaert-Extend\src\main\java\com\app\calingaertextend\ViewController.java
D:\arquivos\ufpel\programacao_de_sistemas\trabalho_PS_grupo1\projetoPS-main\projetoPS-main\Calingaert-Extend\src\main\java\module-info.java
